server/routes/admin.ts(288,15): error TS2322: Type 'ObjectId' is not assignable to type 'Condition<ObjectId>'.
  Type 'ObjectId' is not assignable to type 'FilterOperators<ObjectId>'.
    Types of property 'id' are incompatible.
      Type 'Uint8Array<ArrayBufferLike>' is not assignable to type 'never'.
server/routes/admin.ts(310,13): error TS2322: Type 'ObjectId' is not assignable to type 'Condition<ObjectId>'.
  Type 'ObjectId' is not assignable to type 'FilterOperators<ObjectId>'.
    Types of property 'id' are incompatible.
      Type 'Uint8Array<ArrayBufferLike>' is not assignable to type 'never'.
server/routes/chat.ts(26,13): error TS2322: Type '{ sessionId: any; messages: undefined[]; createdAt: Date; }' is not assignable to type 'WithId<Document>'.
  Property '_id' is missing in type '{ sessionId: any; messages: undefined[]; createdAt: Date; }' but required in type '{ _id: ObjectId; }'.
server/routes/chat.ts(67,21): error TS2322: Type '{ $each: ({ id: string; role: "user"; content: any; timestamp: Date; } | { id: string; role: "assistant"; content: string; timestamp: Date; })[]; }' is not assignable to type 'never'.
server/routes/documents.ts(140,13): error TS2769: No overload matches this call.
  Overload 1 of 6, '(filter: Filter<Document>): Promise<WithId<Document>>', gave the following error.
    Type 'ObjectId' is not assignable to type 'Condition<ObjectId>'.
      Type 'ObjectId' is not assignable to type 'FilterOperators<ObjectId>'.
        Types of property 'id' are incompatible.
          Type 'Uint8Array<ArrayBufferLike>' is not assignable to type 'never'.
  Overload 2 of 6, '(filter: Filter<Document>): Promise<Document>', gave the following error.
    Type 'ObjectId' is not assignable to type 'Condition<ObjectId>'.
      Type 'ObjectId' is not assignable to type 'FilterOperators<ObjectId>'.
        Types of property 'id' are incompatible.
          Type 'Uint8Array<ArrayBufferLike>' is not assignable to type 'never'.
  Overload 3 of 6, '(filter: Filter<Document>, options?: Omit<FindOneOptions, "timeoutMode"> & Abortable): Promise<Document>', gave the following error.
    Type 'ObjectId' is not assignable to type 'Condition<ObjectId>'.
      Type 'ObjectId' is not assignable to type 'FilterOperators<ObjectId>'.
        Types of property 'id' are incompatible.
          Type 'Uint8Array<ArrayBufferLike>' is not assignable to type 'never'.
server/routes/documents.ts(157,54): error TS2322: Type 'ObjectId' is not assignable to type 'Condition<ObjectId>'.
  Type 'ObjectId' is not assignable to type 'FilterOperators<ObjectId>'.
    Types of property 'id' are incompatible.
      Type 'Uint8Array<ArrayBufferLike>' is not assignable to type 'never'.
server/routes/inquiries.ts(103,13): error TS2769: No overload matches this call.
  Overload 1 of 6, '(filter: Filter<Document>): Promise<WithId<Document>>', gave the following error.
    Type 'ObjectId' is not assignable to type 'Condition<ObjectId>'.
      Type 'ObjectId' is not assignable to type 'FilterOperators<ObjectId>'.
        Types of property 'id' are incompatible.
          Type 'Uint8Array<ArrayBufferLike>' is not assignable to type 'never'.
  Overload 2 of 6, '(filter: Filter<Document>): Promise<Document>', gave the following error.
    Type 'ObjectId' is not assignable to type 'Condition<ObjectId>'.
      Type 'ObjectId' is not assignable to type 'FilterOperators<ObjectId>'.
        Types of property 'id' are incompatible.
          Type 'Uint8Array<ArrayBufferLike>' is not assignable to type 'never'.
  Overload 3 of 6, '(filter: Filter<Document>, options?: Omit<FindOneOptions, "timeoutMode"> & Abortable): Promise<Document>', gave the following error.
    Type 'ObjectId' is not assignable to type 'Condition<ObjectId>'.
      Type 'ObjectId' is not assignable to type 'FilterOperators<ObjectId>'.
        Types of property 'id' are incompatible.
          Type 'Uint8Array<ArrayBufferLike>' is not assignable to type 'never'.
server/routes/inquiries.ts(130,15): error TS2322: Type 'ObjectId' is not assignable to type 'Condition<ObjectId>'.
  Type 'ObjectId' is not assignable to type 'FilterOperators<ObjectId>'.
    Types of property 'id' are incompatible.
      Type 'Uint8Array<ArrayBufferLike>' is not assignable to type 'never'.
server/routes/inquiries.ts(153,13): error TS2322: Type 'ObjectId' is not assignable to type 'Condition<ObjectId>'.
  Type 'ObjectId' is not assignable to type 'FilterOperators<ObjectId>'.
    Types of property 'id' are incompatible.
      Type 'Uint8Array<ArrayBufferLike>' is not assignable to type 'never'.
